2026-10-03 13:19:24.914   Successfully installed the file.
2026-10-03 13:19:24.914   -- File entry --
2026-10-03 13:19:24.914   Dest filename: C:\Users\runneradmin\AppData\Local\Programs\SHELTER\locales\hi_MASCULINE.pak
2026-10-03 13:19:24.914   Time stamp of our file: 2026-10-03 13:17:36.000
2026-10-03 13:19:24.914   Installing the file.
2026-10-03 13:19:24.961   Successfully installed the file.
2026-10-03 13:19:24.961   -- File entry --
2026-10-03 13:19:24.961   Dest filename: C:\Users\runneradmin\AppData\Local\Programs\SHELTER\locales\hi_NEUTER.pak
2026-10-03 13:19:24.961   Time stamp of our file: 2026-10-03 13:17:36.000
2026-10-03 13:19:24.961   Installing the file.
2026-10-03 13:19:24.963   Successfully installed the file.
2026-10-03 13:19:24.963   -- File entry --
2026-10-03 13:19:24.963   Dest filename: C:\Users\runneradmin\AppData\Local\Programs\SHELTER\locales\hr.pak
2026-10-03 13:19:24.963   Time stamp of our file: 2026-10-03 13:17:36.000
2026-10-03 13:19:24.963   Installing the file.
2026-10-03 13:19:24.981   Successfully installed the file.
2026-10-03 13:19:24.981   -- File entry --
2026-10-03 13:19:24.981   Dest filename: C:\Users\runneradmin\AppData\Local\Programs\SHELTER\locales\hr_FEMININE.pak
2026-10-03 13:19:24.981   Time stamp of our file: 2026-10-03 13:17:36.000
2026-10-03 13:19:24.981   Installing the file.
2026-10-03 13:19:24.983   Successfully installed the file.
2026-10-03 13:19:24.983   -- File entry --
2026-10-03 13:19:24.983   Dest filename: C:\Users\runneradmin\AppData\Local\Programs\SHELTER\locales\hr_MASCULINE.pak
2026-10-03 13:19:24.983   Time stamp of our file: 2026-10-03 13:17:36.000
2026-10-03 13:19:24.983   Installing the file.
2026-10-03 13:19:25.124   Successfully installed the file.
2026-10-03 13:19:25.124   -- File entry --
2026-10-03 13:19:25.124   Dest filename: C:\Users\runneradmin\AppData\Local\Programs\SHELTER\locales\hr_NEUTER.pak
2026-10-03 13:19:25.124   Time stamp of our file: 2026-10-03 13:17:36.000
2026-10-03 13:19:25.124   Installing the file.
2026-10-03 13:19:25.126   Successfully installed the file.
2026-10-03 13:19:25.126   -- File entry --
2026-10-03 13:19:25.126   Dest filename: C:\Users\runneradmin\AppData\Local\Programs\SHELTER\locales\hu.pak
2026-10-03 13:19:25.126   Time stamp of our file: 2026-10-03 13:17:36.000
2026-10-03 13:19:25.126   Installing the file.
2026-10-03 13:19:25.144   Successfully installed the file.
2026-10-03 13:19:25.144   -- File entry --
2026-10-03 13:19:25.144   Dest filename: C:\Users\runneradmin\AppData\Local\Programs\SHELTER\locales\hu_FEMININE.pak
2026-10-03 13:19:25.144   Time stamp of our file: 2026-10-03 13:17:36.000
2026-10-03 13:19:25.144   Installing the file.
2026-10-03 13:19:25.144   Successfully installed the file.
2026-10-03 13:19:25.144   -- File entry --
2026-10-03 13:19:25.144   Dest filename: C:\Users\runneradmin\AppData\Local\Programs\SHELTER\locales\hu_MASCULINE.pak
2026-10-03 13:19:25.144   Time stamp of our file: 2026-10-03 13:17:36.000
2026-10-03 13:19:25.144   Installing the file.
2026-10-03 13:19:25.215   Successfully installed the file.
2026-10-03 13:19:25.215   -- File entry --
2026-10-03 13:19:25.215   Dest filename: C:\Users\runneradmin\AppData\Local\Programs\SHELTER\locales\hu_NEUTER.pak
2026-10-03 13:19:25.215   Time stamp of our file: 2026-10-03 13:17:36.000
2026-10-03 13:19:25.215   Installing the file.
2026-10-03 13:19:25.217   Successfully installed the file.
2026-10-03 13:19:25.217   -- File entry --
2026-10-03 13:19:25.217   Dest filename: C:\Users\runneradmin\AppData\Local\Programs\SHELTER\locales\id.pak
2026-10-03 13:19:25.217   Time stamp of our file: 2026-10-03 13:17:36.000
2026-10-03 13:19:25.217   Installing the file.
2026-10-03 13:19:25.233   Successfully installed the file.
2026-10-03 13:19:25.233   -- File entry --
2026-10-03 13:19:25.233   Dest filename: C:\Users\runneradmin\AppData\Local\Programs\SHELTER\locales\id_FEMININE.pak
2026-10-03 13:19:25.233   Time stamp of our file: 2026-10-03 13:17:36.000
2026-10-03 13:19:25.233   Installing the file.
2026-10-03 13:19:25.233   Successfully installed the file.
2026-10-03 13:19:25.233   -- File entry --
2026-10-03 13:19:25.233   Dest filename: C:\Users\runneradmin\AppData\Local\Programs\SHELTER\locales\id_MASCULINE.pak
2026-10-03 13:19:25.233   Time stamp of our file: 2026-10-03 13:17:36.000
2026-10-03 13:19:25.233   Installing the file.
2026-10-03 13:19:25.469   Successfully installed the file.
2026-10-03 13:19:25.469   -- File entry --
2026-10-03 13:19:25.469   Dest filename: C:\Users\runneradmin\AppData\Local\Programs\SHELTER\locales\id_NEUTER.pak
2026-10-03 13:19:25.471   Time stamp of our file: 2026-10-03 13:17:36.000
2026-10-03 13:19:25.471   Installing the file.
2026-10-03 13:19:25.471   Successfully installed the file.
2026-10-03 13:19:25.471   -- File entry --
2026-10-03 13:19:25.471   Dest filename: C:\Users\runneradmin\AppData\Local\Programs\SHELTER\locales\it.pak
2026-10-03 13:19:25.471   Time stamp of our file: 2026-10-03 13:17:36.000
2026-10-03 13:19:25.471   Installing the file.
2026-10-03 13:19:25.486   Successfully installed the file.
2026-10-03 13:19:25.486   -- File entry --
2026-10-03 13:19:25.486   Dest filename: C:\Users\runneradmin\AppData\Local\Programs\SHELTER\locales\it_FEMININE.pak
2026-10-03 13:19:25.486   Time stamp of our file: 2026-10-03 13:17:36.000
2026-10-03 13:19:25.486   Installing the file.
2026-10-03 13:19:25.488   Successfully installed the file.
2026-10-03 13:19:25.488   -- File entry --
2026-10-03 13:19:25.488   Dest filename: C:\Users\runneradmin\AppData\Local\Programs\SHELTER\locales\it_MASCULINE.pak
2026-10-03 13:19:25.488   Time stamp of our file: 2026-10-03 13:17:36.000
2026-10-03 13:19:25.488   Installing the file.
2026-10-03 13:19:25.497   Successfully installed the file.
2026-10-03 13:19:25.497   -- File entry --
2026-10-03 13:19:25.497   Dest filename: C:\Users\runneradmin\AppData\Local\Programs\SHELTER\locales\it_NEUTER.pak
2026-10-03 13:19:25.497   Time stamp of our file: 2026-10-03 13:17:36.000
2026-10-03 13:19:25.497   Installing the file.
2026-10-03 13:19:25.497   Successfully installed the file.
2026-10-03 13:19:25.497   -- File entry --
2026-10-03 13:19:25.497   Dest filename: C:\Users\runneradmin\AppData\Local\Programs\SHELTER\locales\ja.pak
2026-10-03 13:19:25.497   Time stamp of our file: 2026-10-03 13:17:36.000
2026-10-03 13:19:25.497   Installing the file.
2026-10-03 13:19:25.520   Successfully installed the file.
2026-10-03 13:19:25.520   -- File entry --
2026-10-03 13:19:25.520   Dest filename: C:\Users\runneradmin\AppData\Local\Programs\SHELTER\locales\ja_FEMININE.pak
2026-10-03 13:19:25.520   Time stamp of our file: 2026-10-03 13:17:36.000
2026-10-03 13:19:25.520   Installing the file.
2026-10-03 13:19:25.522   Successfully installed the file.
2026-10-03 13:19:25.522   -- File entry --
2026-10-03 13:19:25.522   Dest filename: C:\Users\runneradmin\AppData\Local\Programs\SHELTER\locales\ja_MASCULINE.pak
2026-10-03 13:19:25.522   Time stamp of our file: 2026-10-03 13:17:36.000
2026-10-03 13:19:25.522   Installing the file.
2026-10-03 13:19:25.530   Successfully installed the file.
2026-10-03 13:19:25.530   -- File entry --
2026-10-03 13:19:25.530   Dest filename: C:\Users\runneradmin\AppData\Local\Programs\SHELTER\locales\ja_NEUTER.pak
2026-10-03 13:19:25.530   Time stamp of our file: 2026-10-03 13:17:36.000
2026-10-03 13:19:25.530   Installing the file.
2026-10-03 13:19:25.530   Successfully installed the file.
2026-10-03 13:19:25.530   -- File entry --
2026-10-03 13:19:25.532   Dest filename: C:\Users\runneradmin\AppData\Local\Programs\SHELTER\locales\kn.pak
2026-10-03 13:19:25.532   Time stamp of our file: 2026-10-03 13:17:36.000
2026-10-03 13:19:25.532   Installing the file.
2026-10-03 13:19:25.561   Successfully installed the file.
2026-10-03 13:19:25.561   -- File entry --
2026-10-03 13:19:25.561   Dest filename: C:\Users\runneradmin\AppData\Local\Programs\SHELTER\locales\kn_FEMININE.pak
2026-10-03 13:19:25.562   Time stamp of our file: 2026-10-03 13:17:36.000
2026-10-03 13:19:25.562   Installing the file.
2026-10-03 13:19:25.562   Successfully installed the file.
2026-10-03 13:19:25.562   -- File entry --
2026-10-03 13:19:25.562   Dest filename: C:\Users\runneradmin\AppData\Local\Programs\SHELTER\locales\kn_MASCULINE.pak
2026-10-03 13:19:25.562   Time stamp of our file: 2026-10-03 13:17:36.000
2026-10-03 13:19:25.562   Installing the file.
2026-10-03 13:19:25.568   Successfully installed the file.
2026-10-03 13:19:25.568   -- File entry --
2026-10-03 13:19:25.568   Dest filename: C:\Users\runneradmin\AppData\Local\Programs\SHELTER\locales\kn_NEUTER.pak
2026-10-03 13:19:25.568   Time stamp of our file: 2026-10-03 13:17:36.000
2026-10-03 13:19:25.568   Installing the file.
2026-10-03 13:19:25.570   Successfully installed the file.
2026-10-03 13:19:25.570   -- File entry --
2026-10-03 13:19:25.570   Dest filename: C:\Users\runneradmin\AppData\Local\Programs\SHELTER\locales\ko.pak
2026-10-03 13:19:25.570   Time stamp of our file: 2026-10-03 13:17:36.000
2026-10-03 13:19:25.570   Installing the file.
2026-10-03 13:19:25.592   Successfully installed the file.
2026-10-03 13:19:25.592   -- File entry --
2026-10-03 13:19:25.592   Dest filename: C:\Users\runneradmin\AppData\Local\Programs\SHELTER\locales\ko_FEMININE.pak
2026-10-03 13:19:25.592   Time stamp of our file: 2026-10-03 13:17:36.000
2026-10-03 13:19:25.594   Installing the file.
2026-10-03 13:19:25.594   Successfully installed the file.
2026-10-03 13:19:25.594   -- File entry --
2026-10-03 13:19:25.594   Dest filename: C:\Users\runneradmin\AppData\Local\Programs\SHELTER\locales\ko_MASCULINE.pak
2026-10-03 13:19:25.595   Time stamp of our file: 2026-10-03 13:17:36.000
2026-10-03 13:19:25.595   Installing the file.
2026-10-03 13:19:25.595   Successfully installed the file.
2026-10-03 13:19:25.595   -- File entry --
2026-10-03 13:19:25.597   Dest filename: C:\Users\runneradmin\AppData\Local\Programs\SHELTER\locales\ko_NEUTER.pak
2026-10-03 13:19:25.597   Time stamp of our file: 2026-10-03 13:17:36.000
2026-10-03 13:19:25.597   Installing the file.
2026-10-03 13:19:25.597   Successfully installed the file.
2026-10-03 13:19:25.597   -- File entry --
2026-10-03 13:19:25.597   Dest filename: C:\Users\runneradmin\AppData\Local\Programs\SHELTER\locales\lt.pak
2026-10-03 13:19:25.597   Time stamp of our file: 2026-10-03 13:17:36.000
2026-10-03 13:19:25.597   Installing the file.
2026-10-03 13:19:25.618   Successfully installed the file.
2026-10-03 13:19:25.618   -- File entry --
2026-10-03 13:19:25.618   Dest filename: C:\Users\runneradmin\AppData\Local\Programs\SHELTER\locales\lt_FEMININE.pak
2026-10-03 13:19:25.618   Time stamp of our file: 2026-10-03 13:17:36.000
2026-10-03 13:19:25.618   Installing the file.
2026-10-03 13:19:25.619   Successfully installed the file.
2026-10-03 13:19:25.619   -- File entry --
2026-10-03 13:19:25.619   Dest filename: C:\Users\runneradmin\AppData\Local\Programs\SHELTER\locales\lt_MASCULINE.pak
2026-10-03 13:19:25.620   Time stamp of our file: 2026-10-03 13:17:36.000
2026-10-03 13:19:25.620   Installing the file.
2026-10-03 13:19:25.678   Successfully installed the file.
2026-10-03 13:19:25.678   -- File entry --
2026-10-03 13:19:25.678   Dest filename: C:\Users\runneradmin\AppData\Local\Programs\SHELTER\locales\lt_NEUTER.pak
2026-10-03 13:19:25.678   Time stamp of our file: 2026-10-03 13:17:36.000
2026-10-03 13:19:25.678   Installing the file.
2026-10-03 13:19:25.679   Successfully installed the file.
2026-10-03 13:19:25.679   -- File entry --
2026-10-03 13:19:25.679   Dest filename: C:\Users\runneradmin\AppData\Local\Programs\SHELTER\locales\lv.pak
2026-10-03 13:19:25.680   Time stamp of our file: 2026-10-03 13:17:36.000
2026-10-03 13:19:25.680   Installing the file.
2026-10-03 13:19:25.698   Successfully installed the file.
2026-10-03 13:19:25.698   -- File entry --
2026-10-03 13:19:25.698   Dest filename: C:\Users\runneradmin\AppData\Local\Programs\SHELTER\locales\lv_FEMININE.pak
2026-10-03 13:19:25.699   Time stamp of our file: 2026-10-03 13:17:36.000
2026-10-03 13:19:25.699   Installing the file.
2026-10-03 13:19:25.699   Successfully installed the file.
2026-10-03 13:19:25.699   -- File entry --
2026-10-03 13:19:25.699   Dest filename: C:\Users\runneradmin\AppData\Local\Programs\SHELTER\locales\lv_MASCULINE.pak
2026-10-03 13:19:25.700   Time stamp of our file: 2026-10-03 13:17:36.000
2026-10-03 13:19:25.700   Installing the file.
2026-10-03 13:19:25.701   Successfully installed the file.
2026-10-03 13:19:25.701   -- File entry --
2026-10-03 13:19:25.701   Dest filename: C:\Users\runneradmin\AppData\Local\Programs\SHELTER\locales\lv_NEUTER.pak
2026-10-03 13:19:25.701   Time stamp of our file: 2026-10-03 13:17:36.000
2026-10-03 13:19:25.701   Installing the file.
2026-10-03 13:19:25.702   Successfully installed the file.
2026-10-03 13:19:25.702   -- File entry --
2026-10-03 13:19:25.703   Dest filename: C:\Users\runneradmin\AppData\Local\Programs\SHELTER\locales\ml.pak
2026-10-03 13:19:25.703   Time stamp of our file: 2026-10-03 13:17:36.000
2026-10-03 13:19:25.703   Installing the file.
2026-10-03 13:19:25.732   Successfully installed the file.
2026-10-03 13:19:25.732   -- File entry --
2026-10-03 13:19:25.732   Dest filename: C:\Users\runneradmin\AppData\Local\Programs\SHELTER\locales\ml_FEMININE.pak
2026-10-03 13:19:25.732   Time stamp of our file: 2026-10-03 13:17:36.000
2026-10-03 13:19:25.732   Installing the file.
2026-10-03 13:19:25.732   Successfully installed the file.
2026-10-03 13:19:25.732   -- File entry --
2026-10-03 13:19:25.732   Dest filename: C:\Users\runneradmin\AppData\Local\Programs\SHELTER\locales\ml_MASCULINE.pak
2026-10-03 13:19:25.734   Time stamp of our file: 2026-10-03 13:17:36.000
2026-10-03 13:19:25.734   Installing the file.
2026-10-03 13:19:25.736   Successfully installed the file.
2026-10-03 13:19:25.736   -- File entry --
2026-10-03 13:19:25.736   Dest filename: C:\Users\runneradmin\AppData\Local\Programs\SHELTER\locales\ml_NEUTER.pak
2026-10-03 13:19:25.737   Time stamp of our file: 2026-10-03 13:17:36.000
2026-10-03 13:19:25.737   Installing the file.
2026-10-03 13:19:25.737   Successfully installed the file.
2026-10-03 13:19:25.737   -- File entry --
2026-10-03 13:19:25.737   Dest filename: C:\Users\runneradmin\AppData\Local\Programs\SHELTER\locales\mr.pak
2026-10-03 13:19:25.737   Time stamp of our file: 2026-10-03 13:17:36.000
2026-10-03 13:19:25.737   Installing the file.
2026-10-03 13:19:25.763   Successfully installed the file.
2026-10-03 13:19:25.763   -- File entry --
2026-10-03 13:19:25.763   Dest filename: C:\Users\runneradmin\AppData\Local\Programs\SHELTER\locales\mr_FEMININE.pak
2026-10-03 13:19:25.763   Time stamp of our file: 2026-10-03 13:17:36.000
2026-10-03 13:19:25.763   Installing the file.
2026-10-03 13:19:25.765   Successfully installed the file.
2026-10-03 13:19:25.765   -- File entry --
2026-10-03 13:19:25.765   Dest filename: C:\Users\runneradmin\AppData\Local\Programs\SHELTER\locales\mr_MASCULINE.pak
2026-10-03 13:19:25.765   Time stamp of our file: 2026-10-03 13:17:36.000
2026-10-03 13:19:25.765   Installing the file.
2026-10-03 13:19:25.767   Successfully installed the file.
2026-10-03 13:19:25.767   -- File entry --
2026-10-03 13:19:25.767   Dest filename: C:\Users\runneradmin\AppData\Local\Programs\SHELTER\locales\mr_NEUTER.pak
2026-10-03 13:19:25.767   Time stamp of our file: 2026-10-03 13:17:36.000
2026-10-03 13:19:25.767   Installing the file.
2026-10-03 13:19:25.767   Successfully installed the file.
2026-10-03 13:19:25.767   -- File entry --
2026-10-03 13:19:25.767   Dest filename: C:\Users\runneradmin\AppData\Local\Programs\SHELTER\locales\ms.pak
2026-10-03 13:19:25.769   Time stamp of our file: 2026-10-03 13:17:36.000
2026-10-03 13:19:25.769   Installing the file.
2026-10-03 13:19:25.783   Successfully installed the file.
2026-10-03 13:19:25.785   -- File entry --
2026-10-03 13:19:25.785   Dest filename: C:\Users\runneradmin\AppData\Local\Programs\SHELTER\locales\ms_FEMININE.pak
2026-10-03 13:19:25.785   Time stamp of our file: 2026-10-03 13:17:36.000
2026-10-03 13:19:25.785   Installing the file.
2026-10-03 13:19:25.785   Successfully installed the file.
2026-10-03 13:19:25.785   -- File entry --
2026-10-03 13:19:25.785   Dest filename: C:\Users\runneradmin\AppData\Local\Programs\SHELTER\locales\ms_MASCULINE.pak
2026-10-03 13:19:25.785   Time stamp of our file: 2026-10-03 13:17:36.000
2026-10-03 13:19:25.785   Installing the file.
2026-10-03 13:19:25.787   Successfully installed the file.
2026-10-03 13:19:25.787   -- File entry --
2026-10-03 13:19:25.787   Dest filename: C:\Users\runneradmin\AppData\Local\Programs\SHELTER\locales\ms_NEUTER.pak
2026-10-03 13:19:25.787   Time stamp of our file: 2026-10-03 13:17:36.000
2026-10-03 13:19:25.787   Installing the file.
2026-10-03 13:19:25.789   Successfully installed the file.
2026-10-03 13:19:25.789   -- File entry --
2026-10-03 13:19:25.789   Dest filename: C:\Users\runneradmin\AppData\Local\Programs\SHELTER\locales\nb.pak
2026-10-03 13:19:25.789   Time stamp of our file: 2026-10-03 13:17:36.000
2026-10-03 13:19:25.789   Installing the file.
2026-10-03 13:19:25.805   Successfully installed the file.
2026-10-03 13:19:25.805   -- File entry --
2026-10-03 13:19:25.805   Dest filename: C:\Users\runneradmin\AppData\Local\Programs\SHELTER\locales\nb_FEMININE.pak
2026-10-03 13:19:25.805   Time stamp of our file: 2026-10-03 13:17:36.000
2026-10-03 13:19:25.805   Installing the file.
2026-10-03 13:19:25.805   Successfully installed the file.
2026-10-03 13:19:25.805   -- File entry --
2026-10-03 13:19:25.805   Dest filename: C:\Users\runneradmin\AppData\Local\Programs\SHELTER\locales\nb_MASCULINE.pak
2026-10-03 13:19:25.805   Time stamp of our file: 2026-10-03 13:17:36.000
2026-10-03 13:19:25.805   Installing the file.
2026-10-03 13:19:25.807   Successfully installed the file.
2026-10-03 13:19:25.807   -- File entry --
2026-10-03 13:19:25.807   Dest filename: C:\Users\runneradmin\AppData\Local\Programs\SHELTER\locales\nb_NEUTER.pak
2026-10-03 13:19:25.807   Time stamp of our file: 2026-10-03 13:17:36.000
2026-10-03 13:19:25.807   Installing the file.
2026-10-03 13:19:25.809   Successfully installed the file.
2026-10-03 13:19:25.809   -- File entry --
2026-10-03 13:19:25.809   Dest filename: C:\Users\runneradmin\AppData\Local\Programs\SHELTER\locales\nl.pak
2026-10-03 13:19:25.809   Time stamp of our file: 2026-10-03 13:17:36.000
2026-10-03 13:19:25.809   Installing the file.
2026-10-03 13:19:25.825   Successfully installed the file.
2026-10-03 13:19:25.825   -- File entry --
2026-10-03 13:19:25.825   Dest filename: C:\Users\runneradmin\AppData\Local\Programs\SHELTER\locales\nl_FEMININE.pak
2026-10-03 13:19:25.825   Time stamp of our file: 2026-10-03 13:17:36.000
2026-10-03 13:19:25.825   Installing the file.
2026-10-03 13:19:25.825   Successfully installed the file.
2026-10-03 13:19:25.825   -- File entry --
2026-10-03 13:19:25.825   Dest filename: C:\Users\runneradmin\AppData\Local\Programs\SHELTER\locales\nl_MASCULINE.pak
2026-10-03 13:19:25.827   Time stamp of our file: 2026-10-03 13:17:36.000
2026-10-03 13:19:25.827   Installing the file.
2026-10-03 13:19:25.827   Successfully installed the file.
2026-10-03 13:19:25.827   -- File entry --
2026-10-03 13:19:25.827   Dest filename: C:\Users\runneradmin\AppData\Local\Programs\SHELTER\locales\nl_NEUTER.pak
2026-10-03 13:19:25.827   Time stamp of our file: 2026-10-03 13:17:36.000
2026-10-03 13:19:25.827   Installing the file.
2026-10-03 13:19:25.829   Successfully installed the file.
2026-10-03 13:19:25.829   -- File entry --
2026-10-03 13:19:25.829   Dest filename: C:\Users\runneradmin\AppData\Local\Programs\SHELTER\locales\pl.pak
2026-10-03 13:19:25.829   Time stamp of our file: 2026-10-03 13:17:36.000
2026-10-03 13:19:25.829   Installing the file.
2026-10-03 13:19:25.847   Successfully installed the file.
2026-10-03 13:19:25.847   -- File entry --
2026-10-03 13:19:25.847   Dest filename: C:\Users\runneradmin\AppData\Local\Programs\SHELTER\locales\pl_FEMININE.pak
2026-10-03 13:19:25.847   Time stamp of our file: 2026-10-03 13:17:36.000
2026-10-03 13:19:25.847   Installing the file.
2026-10-03 13:19:25.847   Successfully installed the file.
2026-10-03 13:19:25.847   -- File entry --
2026-10-03 13:19:25.848   Dest filename: C:\Users\runneradmin\AppData\Local\Programs\SHELTER\locales\pl_MASCULINE.pak
2026-10-03 13:19:25.848   Time stamp of our file: 2026-10-03 13:17:36.000
2026-10-03 13:19:25.848   Installing the file.
2026-10-03 13:19:25.848   Successfully installed the file.
2026-10-03 13:19:25.848   -- File entry --
2026-10-03 13:19:25.848   Dest filename: C:\Users\runneradmin\AppData\Local\Programs\SHELTER\locales\pl_NEUTER.pak
2026-10-03 13:19:25.848   Time stamp of our file: 2026-10-03 13:17:36.000
2026-10-03 13:19:25.848   Installing the file.
2026-10-03 13:19:25.850   Successfully installed the file.
2026-10-03 13:19:25.850   -- File entry --
2026-10-03 13:19:25.850   Dest filename: C:\Users\runneradmin\AppData\Local\Programs\SHELTER\locales\pt-BR.pak
2026-10-03 13:19:25.850   Time stamp of our file: 2026-10-03 13:17:36.000
2026-10-03 13:19:25.850   Installing the file.
2026-10-03 13:19:25.866   Successfully installed the file.
2026-10-03 13:19:25.866   -- File entry --
2026-10-03 13:19:25.866   Dest filename: C:\Users\runneradmin\AppData\Local\Programs\SHELTER\locales\pt-BR_FEMININE.pak
2026-10-03 13:19:25.866   Time stamp of our file: 2026-10-03 13:17:36.000
2026-10-03 13:19:25.866   Installing the file.
2026-10-03 13:19:25.868   Successfully installed the file.
2026-10-03 13:19:25.868   -- File entry --
2026-10-03 13:19:25.868   Dest filename: C:\Users\runneradmin\AppData\Local\Programs\SHELTER\locales\pt-BR_MASCULINE.pak
2026-10-03 13:19:25.868   Time stamp of our file: 2026-10-03 13:17:36.000
2026-10-03 13:19:25.868   Installing the file.
2026-10-03 13:19:25.870   Successfully installed the file.
2026-10-03 13:19:25.870   -- File entry --
2026-10-03 13:19:25.870   Dest filename: C:\Users\runneradmin\AppData\Local\Programs\SHELTER\locales\pt-BR_NEUTER.pak
2026-10-03 13:19:25.870   Time stamp of our file: 2026-10-03 13:17:36.000
2026-10-03 13:19:25.870   Installing the file.
2026-10-03 13:19:25.870   Successfully installed the file.
2026-10-03 13:19:25.870   -- File entry --
2026-10-03 13:19:25.870   Dest filename: C:\Users\runneradmin\AppData\Local\Programs\SHELTER\locales\pt-PT.pak
2026-10-03 13:19:25.872   Time stamp of our file: 2026-10-03 13:17:36.000
2026-10-03 13:19:25.872   Installing the file.
2026-10-03 13:19:25.886   Successfully installed the file.
2026-10-03 13:19:25.886   -- File entry --
2026-10-03 13:19:25.886   Dest filename: C:\Users\runneradmin\AppData\Local\Programs\SHELTER\locales\pt-PT_FEMININE.pak
2026-10-03 13:19:25.886   Time stamp of our file: 2026-10-03 13:17:36.000
2026-10-03 13:19:25.886   Installing the file.
2026-10-03 13:19:25.888   Successfully installed the file.
2026-10-03 13:19:25.888   -- File entry --
2026-10-03 13:19:25.888   Dest filename: C:\Users\runneradmin\AppData\Local\Programs\SHELTER\locales\pt-PT_MASCULINE.pak
2026-10-03 13:19:25.888   Time stamp of our file: 2026-10-03 13:17:36.000
2026-10-03 13:19:25.888   Installing the file.
2026-10-03 13:19:25.892   Successfully installed the file.
2026-10-03 13:19:25.892   -- File entry --
2026-10-03 13:19:25.892   Dest filename: C:\Users\runneradmin\AppData\Local\Programs\SHELTER\locales\pt-PT_NEUTER.pak
2026-10-03 13:19:25.892   Time stamp of our file: 2026-10-03 13:17:36.000
2026-10-03 13:19:25.892   Installing the file.
2026-10-03 13:19:25.894   Successfully installed the file.
2026-10-03 13:19:25.894   -- File entry --
2026-10-03 13:19:25.894   Dest filename: C:\Users\runneradmin\AppData\Local\Programs\SHELTER\locales\ro.pak
2026-10-03 13:19:25.894   Time stamp of our file: 2026-10-03 13:17:36.000
2026-10-03 13:19:25.894   Installing the file.
2026-10-03 13:19:25.911   Successfully installed the file.
2026-10-03 13:19:25.911   -- File entry --
2026-10-03 13:19:25.911   Dest filename: C:\Users\runneradmin\AppData\Local\Programs\SHELTER\locales\ro_FEMININE.pak
2026-10-03 13:19:25.912   Time stamp of our file: 2026-10-03 13:17:36.000
2026-10-03 13:19:25.912   Installing the file.
2026-10-03 13:19:25.912   Successfully installed the file.
2026-10-03 13:19:25.912   -- File entry --
2026-10-03 13:19:25.912   Dest filename: C:\Users\runneradmin\AppData\Local\Programs\SHELTER\locales\ro_MASCULINE.pak
2026-10-03 13:19:25.912   Time stamp of our file: 2026-10-03 13:17:36.000
2026-10-03 13:19:25.912   Installing the file.
2026-10-03 13:19:25.914   Successfully installed the file.
2026-10-03 13:19:25.914   -- File entry --
2026-10-03 13:19:25.914   Dest filename: C:\Users\runneradmin\AppData\Local\Programs\SHELTER\locales\ro_NEUTER.pak
2026-10-03 13:19:25.914   Time stamp of our file: 2026-10-03 13:17:36.000
2026-10-03 13:19:25.914   Installing the file.
2026-10-03 13:19:25.914   Successfully installed the file.
2026-10-03 13:19:25.916   -- File entry --
2026-10-03 13:19:25.916   Dest filename: C:\Users\runneradmin\AppData\Local\Programs\SHELTER\locales\ru.pak
2026-10-03 13:19:25.916   Time stamp of our file: 2026-10-03 13:17:36.000
2026-10-03 13:19:25.916   Installing the file.
2026-10-03 13:19:25.938   Successfully installed the file.
2026-10-03 13:19:25.938   -- File entry --
2026-10-03 13:19:25.938   Dest filename: C:\Users\runneradmin\AppData\Local\Programs\SHELTER\locales\ru_FEMININE.pak
2026-10-03 13:19:25.938   Time stamp of our file: 2026-10-03 13:17:36.000
2026-10-03 13:19:25.938   Installing the file.
2026-10-03 13:19:25.940   Successfully installed the file.
2026-10-03 13:19:25.940   -- File entry --
2026-10-03 13:19:25.940   Dest filename: C:\Users\runneradmin\AppData\Local\Programs\SHELTER\locales\ru_MASCULINE.pak
2026-10-03 13:19:25.940   Time stamp of our file: 2026-10-03 13:17:36.000
2026-10-03 13:19:25.940   Installing the file.
2026-10-03 13:19:25.942   Successfully installed the file.
2026-10-03 13:19:25.942   -- File entry --
2026-10-03 13:19:25.942   Dest filename: C:\Users\runneradmin\AppData\Local\Programs\SHELTER\locales\ru_NEUTER.pak
2026-10-03 13:19:25.942   Time stamp of our file: 2026-10-03 13:17:36.000
2026-10-03 13:19:25.942   Installing the file.
2026-10-03 13:19:25.942   Successfully installed the file.
2026-10-03 13:19:25.942   -- File entry --
2026-10-03 13:19:25.942   Dest filename: C:\Users\runneradmin\AppData\Local\Programs\SHELTER\locales\sk.pak
2026-10-03 13:19:25.942   Time stamp of our file: 2026-10-03 13:17:36.000
2026-10-03 13:19:25.942   Installing the file.
2026-10-03 13:19:25.961   Successfully installed the file.
2026-10-03 13:19:25.961   -- File entry --
2026-10-03 13:19:25.961   Dest filename: C:\Users\runneradmin\AppData\Local\Programs\SHELTER\locales\sk_FEMININE.pak
2026-10-03 13:19:25.961   Time stamp of our file: 2026-10-03 13:17:36.000
2026-10-03 13:19:25.961   Installing the file.
2026-10-03 13:19:25.961   Successfully installed the file.
2026-10-03 13:19:25.961   -- File entry --
2026-10-03 13:19:25.961   Dest filename: C:\Users\runneradmin\AppData\Local\Programs\SHELTER\locales\sk_MASCULINE.pak
2026-10-03 13:19:25.961   Time stamp of our file: 2026-10-03 13:17:36.000
2026-10-03 13:19:25.961   Installing the file.
2026-10-03 13:19:25.964   Successfully installed the file.
2026-10-03 13:19:25.964   -- File entry --
2026-10-03 13:19:25.964   Dest filename: C:\Users\runneradmin\AppData\Local\Programs\SHELTER\locales\sk_NEUTER.pak
2026-10-03 13:19:25.964   Time stamp of our file: 2026-10-03 13:17:36.000
2026-10-03 13:19:25.964   Installing the file.
2026-10-03 13:19:25.967   Successfully installed the file.
2026-10-03 13:19:25.967   -- File entry --
2026-10-03 13:19:25.967   Dest filename: C:\Users\runneradmin\AppData\Local\Programs\SHELTER\locales\sl.pak
2026-10-03 13:19:25.967   Time stamp of our file: 2026-10-03 13:17:36.000
2026-10-03 13:19:25.967   Installing the file.
2026-10-03 13:19:25.983   Successfully installed the file.
2026-10-03 13:19:25.983   -- File entry --
2026-10-03 13:19:25.983   Dest filename: C:\Users\runneradmin\AppData\Local\Programs\SHELTER\locales\sl_FEMININE.pak
2026-10-03 13:19:25.983   Time stamp of our file: 2026-10-03 13:17:36.000
2026-10-03 13:19:25.983   Installing the file.
2026-10-03 13:19:25.985   Successfully installed the file.
2026-10-03 13:19:25.985   -- File entry --
2026-10-03 13:19:25.985   Dest filename: C:\Users\runneradmin\AppData\Local\Programs\SHELTER\locales\sl_MASCULINE.pak
2026-10-03 13:19:25.985   Time stamp of our file: 2026-10-03 13:17:36.000
2026-10-03 13:19:25.985   Installing the file.
2026-10-03 13:19:25.987   Successfully installed the file.
2026-10-03 13:19:25.987   -- File entry --
2026-10-03 13:19:25.987   Dest filename: C:\Users\runneradmin\AppData\Local\Programs\SHELTER\locales\sl_NEUTER.pak
2026-10-03 13:19:25.987   Time stamp of our file: 2026-10-03 13:17:36.000
2026-10-03 13:19:25.987   Installing the file.
2026-10-03 13:19:25.987   Successfully installed the file.
2026-10-03 13:19:25.987   -- File entry --
2026-10-03 13:19:25.987   Dest filename: C:\Users\runneradmin\AppData\Local\Programs\SHELTER\locales\sr.pak
2026-10-03 13:19:25.987   Time stamp of our file: 2026-10-03 13:17:36.000
2026-10-03 13:19:25.987   Installing the file.
2026-10-03 13:19:26.009   Successfully installed the file.
2026-10-03 13:19:26.009   -- File entry --
2026-10-03 13:19:26.009   Dest filename: C:\Users\runneradmin\AppData\Local\Programs\SHELTER\locales\sr_FEMININE.pak
2026-10-03 13:19:26.011   Time stamp of our file: 2026-10-03 13:17:36.000
2026-10-03 13:19:26.011   Installing the file.
2026-10-03 13:19:26.011   Successfully installed the file.
2026-10-03 13:19:26.011   -- File entry --
2026-10-03 13:19:26.011   Dest filename: C:\Users\runneradmin\AppData\Local\Programs\SHELTER\locales\sr_MASCULINE.pak
2026-10-03 13:19:26.011   Time stamp of our file: 2026-10-03 13:17:36.000
2026-10-03 13:19:26.011   Installing the file.
2026-10-03 13:19:26.013   Successfully installed the file.
2026-10-03 13:19:26.013   -- File entry --
2026-10-03 13:19:26.013   Dest filename: C:\Users\runneradmin\AppData\Local\Programs\SHELTER\locales\sr_NEUTER.pak
2026-10-03 13:19:26.013   Time stamp of our file: 2026-10-03 13:17:36.000
2026-10-03 13:19:26.013   Installing the file.
2026-10-03 13:19:26.013   Successfully installed the file.
2026-10-03 13:19:26.015   -- File entry --
2026-10-03 13:19:26.015   Dest filename: C:\Users\runneradmin\AppData\Local\Programs\SHELTER\locales\sv.pak
2026-10-03 13:19:26.015   Time stamp of our file: 2026-10-03 13:17:36.000
2026-10-03 13:19:26.015   Installing the file.
2026-10-03 13:19:26.029   Successfully installed the file.
2026-10-03 13:19:26.029   -- File entry --
2026-10-03 13:19:26.029   Dest filename: C:\Users\runneradmin\AppData\Local\Programs\SHELTER\locales\sv_FEMININE.pak
2026-10-03 13:19:26.031   Time stamp of our file: 2026-10-03 13:17:36.000
2026-10-03 13:19:26.031   Installing the file.
2026-10-03 13:19:26.031   Successfully installed the file.
2026-10-03 13:19:26.031   -- File entry --
2026-10-03 13:19:26.031   Dest filename: C:\Users\runneradmin\AppData\Local\Programs\SHELTER\locales\sv_MASCULINE.pak
2026-10-03 13:19:26.031   Time stamp of our file: 2026-10-03 13:17:36.000
2026-10-03 13:19:26.031   Installing the file.
2026-10-03 13:19:26.033   Successfully installed the file.
2026-10-03 13:19:26.033   -- File entry --
2026-10-03 13:19:26.033   Dest filename: C:\Users\runneradmin\AppData\Local\Programs\SHELTER\locales\sv_NEUTER.pak
2026-10-03 13:19:26.033   Time stamp of our file: 2026-10-03 13:17:36.000
2026-10-03 13:19:26.033   Installing the file.
2026-10-03 13:19:26.033   Successfully installed the file.
2026-10-03 13:19:26.035   -- File entry --
2026-10-03 13:19:26.035   Dest filename: C:\Users\runneradmin\AppData\Local\Programs\SHELTER\locales\sw.pak
2026-10-03 13:19:26.035   Time stamp of our file: 2026-10-03 13:17:36.000
2026-10-03 13:19:26.035   Installing the file.
2026-10-03 13:19:26.050   Successfully installed the file.
2026-10-03 13:19:26.050   -- File entry --
2026-10-03 13:19:26.050   Dest filename: C:\Users\runneradmin\AppData\Local\Programs\SHELTER\locales\sw_FEMININE.pak
2026-10-03 13:19:26.050   Time stamp of our file: 2026-10-03 13:17:36.000
2026-10-03 13:19:26.050   Installing the file.
2026-10-03 13:19:26.050   Successfully installed the file.
2026-10-03 13:19:26.050   -- File entry --
2026-10-03 13:19:26.050   Dest filename: C:\Users\runneradmin\AppData\Local\Programs\SHELTER\locales\sw_MASCULINE.pak
2026-10-03 13:19:26.050   Time stamp of our file: 2026-10-03 13:17:36.000
2026-10-03 13:19:26.050   Installing the file.
2026-10-03 13:19:26.052   Successfully installed the file.
2026-10-03 13:19:26.054   -- File entry --
2026-10-03 13:19:26.054   Dest filename: C:\Users\runneradmin\AppData\Local\Programs\SHELTER\locales\sw_NEUTER.pak
2026-10-03 13:19:26.054   Time stamp of our file: 2026-10-03 13:17:36.000
2026-10-03 13:19:26.054   Installing the file.
2026-10-03 13:19:26.054   Successfully installed the file.
2026-10-03 13:19:26.054   -- File entry --
2026-10-03 13:19:26.054   Dest filename: C:\Users\runneradmin\AppData\Local\Programs\SHELTER\locales\ta.pak
2026-10-03 13:19:26.054   Time stamp of our file: 2026-10-03 13:17:36.000
2026-10-03 13:19:26.054   Installing the file.
2026-10-03 13:19:26.084   Successfully installed the file.
2026-10-03 13:19:26.084   -- File entry --
2026-10-03 13:19:26.084   Dest filename: C:\Users\runneradmin\AppData\Local\Programs\SHELTER\locales\ta_FEMININE.pak
2026-10-03 13:19:26.085   Time stamp of our file: 2026-10-03 13:17:36.000
2026-10-03 13:19:26.085   Installing the file.
2026-10-03 13:19:26.086   Successfully installed the file.
2026-10-03 13:19:26.086   -- File entry --
2026-10-03 13:19:26.086   Dest filename: C:\Users\runneradmin\AppData\Local\Programs\SHELTER\locales\ta_MASCULINE.pak
2026-10-03 13:19:26.086   Time stamp of our file: 2026-10-03 13:17:36.000
2026-10-03 13:19:26.086   Installing the file.
2026-10-03 13:19:26.086   Successfully installed the file.
2026-10-03 13:19:26.088   -- File entry --
2026-10-03 13:19:26.088   Dest filename: C:\Users\runneradmin\AppData\Local\Programs\SHELTER\locales\ta_NEUTER.pak
2026-10-03 13:19:26.088   Time stamp of our file: 2026-10-03 13:17:36.000
2026-10-03 13:19:26.088   Installing the file.
2026-10-03 13:19:26.088   Successfully installed the file.
2026-10-03 13:19:26.088   -- File entry --
2026-10-03 13:19:26.088   Dest filename: C:\Users\runneradmin\AppData\Local\Programs\SHELTER\locales\te.pak
2026-10-03 13:19:26.088   Time stamp of our file: 2026-10-03 13:17:36.000
2026-10-03 13:19:26.088   Installing the file.
2026-10-03 13:19:26.116   Successfully installed the file.
2026-10-03 13:19:26.116   -- File entry --
2026-10-03 13:19:26.116   Dest filename: C:\Users\runneradmin\AppData\Local\Programs\SHELTER\locales\te_FEMININE.pak
2026-10-03 13:19:26.116   Time stamp of our file: 2026-10-03 13:17:36.000
2026-10-03 13:19:26.116   Installing the file.
2026-10-03 13:19:26.118   Successfully installed the file.
2026-10-03 13:19:26.118   -- File entry --
2026-10-03 13:19:26.118   Dest filename: C:\Users\runneradmin\AppData\Local\Programs\SHELTER\locales\te_MASCULINE.pak
2026-10-03 13:19:26.118   Time stamp of our file: 2026-10-03 13:17:36.000
2026-10-03 13:19:26.118   Installing the file.
2026-10-03 13:19:26.120   Successfully installed the file.
2026-10-03 13:19:26.120   -- File entry --
2026-10-03 13:19:26.120   Dest filename: C:\Users\runneradmin\AppData\Local\Programs\SHELTER\locales\te_NEUTER.pak
2026-10-03 13:19:26.120   Time stamp of our file: 2026-10-03 13:17:36.000
2026-10-03 13:19:26.120   Installing the file.
2026-10-03 13:19:26.122   Successfully installed the file.
2026-10-03 13:19:26.122   -- File entry --
2026-10-03 13:19:26.122   Dest filename: C:\Users\runneradmin\AppData\Local\Programs\SHELTER\locales\th.pak
2026-10-03 13:19:26.122   Time stamp of our file: 2026-10-03 13:17:36.000
2026-10-03 13:19:26.122   Installing the file.
2026-10-03 13:19:26.146   Successfully installed the file.
2026-10-03 13:19:26.146   -- File entry --
2026-10-03 13:19:26.146   Dest filename: C:\Users\runneradmin\AppData\Local\Programs\SHELTER\locales\th_FEMININE.pak
2026-10-03 13:19:26.146   Time stamp of our file: 2026-10-03 13:17:36.000
2026-10-03 13:19:26.146   Installing the file.
2026-10-03 13:19:26.148   Successfully installed the file.
2026-10-03 13:19:26.148   -- File entry --
2026-10-03 13:19:26.148   Dest filename: C:\Users\runneradmin\AppData\Local\Programs\SHELTER\locales\th_MASCULINE.pak
2026-10-03 13:19:26.148   Time stamp of our file: 2026-10-03 13:17:36.000
2026-10-03 13:19:26.148   Installing the file.
2026-10-03 13:19:26.150   Successfully installed the file.
2026-10-03 13:19:26.150   -- File entry --
2026-10-03 13:19:26.150   Dest filename: C:\Users\runneradmin\AppData\Local\Programs\SHELTER\locales\th_NEUTER.pak
2026-10-03 13:19:26.150   Time stamp of our file: 2026-10-03 13:17:36.000
2026-10-03 13:19:26.150   Installing the file.
2026-10-03 13:19:26.151   Successfully installed the file.
2026-10-03 13:19:26.151   -- File entry --
2026-10-03 13:19:26.152   Dest filename: C:\Users\runneradmin\AppData\Local\Programs\SHELTER\locales\tr.pak
2026-10-03 13:19:26.152   Time stamp of our file: 2026-10-03 13:17:36.000
2026-10-03 13:19:26.152   Installing the file.
2026-10-03 13:19:26.167   Successfully installed the file.
2026-10-03 13:19:26.167   -- File entry --
2026-10-03 13:19:26.167   Dest filename: C:\Users\runneradmin\AppData\Local\Programs\SHELTER\locales\tr_FEMININE.pak
2026-10-03 13:19:26.167   Time stamp of our file: 2026-10-03 13:17:36.000
2026-10-03 13:19:26.167   Installing the file.
2026-10-03 13:19:26.169   Successfully installed the file.
2026-10-03 13:19:26.169   -- File entry --
2026-10-03 13:19:26.169   Dest filename: C:\Users\runneradmin\AppData\Local\Programs\SHELTER\locales\tr_MASCULINE.pak
2026-10-03 13:19:26.170   Time stamp of our file: 2026-10-03 13:17:36.000
2026-10-03 13:19:26.170   Installing the file.
2026-10-03 13:19:26.172   Successfully installed the file.
2026-10-03 13:19:26.172   -- File entry --
2026-10-03 13:19:26.172   Dest filename: C:\Users\runneradmin\AppData\Local\Programs\SHELTER\locales\tr_NEUTER.pak
2026-10-03 13:19:26.172   Time stamp of our file: 2026-10-03 13:17:36.000
2026-10-03 13:19:26.172   Installing the file.
2026-10-03 13:19:26.172   Successfully installed the file.
2026-10-03 13:19:26.172   -- File entry --
2026-10-03 13:19:26.172   Dest filename: C:\Users\runneradmin\AppData\Local\Programs\SHELTER\locales\uk.pak
2026-10-03 13:19:26.173   Time stamp of our file: 2026-10-03 13:17:36.000
2026-10-03 13:19:26.173   Installing the file.
2026-10-03 13:19:26.196   Successfully installed the file.
2026-10-03 13:19:26.196   -- File entry --
2026-10-03 13:19:26.197   Dest filename: C:\Users\runneradmin\AppData\Local\Programs\SHELTER\locales\uk_FEMININE.pak
2026-10-03 13:19:26.197   Time stamp of our file: 2026-10-03 13:17:36.000
2026-10-03 13:19:26.197   Installing the file.
2026-10-03 13:19:26.197   Successfully installed the file.
2026-10-03 13:19:26.197   -- File entry --
2026-10-03 13:19:26.197   Dest filename: C:\Users\runneradmin\AppData\Local\Programs\SHELTER\locales\uk_MASCULINE.pak
2026-10-03 13:19:26.197   Time stamp of our file: 2026-10-03 13:17:36.000
2026-10-03 13:19:26.197   Installing the file.
2026-10-03 13:19:26.199   Successfully installed the file.
2026-10-03 13:19:26.199   -- File entry --
2026-10-03 13:19:26.199   Dest filename: C:\Users\runneradmin\AppData\Local\Programs\SHELTER\locales\uk_NEUTER.pak
2026-10-03 13:19:26.199   Time stamp of our file: 2026-10-03 13:17:36.000
2026-10-03 13:19:26.199   Installing the file.
2026-10-03 13:19:26.199   Successfully installed the file.
2026-10-03 13:19:26.199   -- File entry --
2026-10-03 13:19:26.201   Dest filename: C:\Users\runneradmin\AppData\Local\Programs\SHELTER\locales\ur.pak
2026-10-03 13:19:26.201   Time stamp of our file: 2026-10-03 13:17:36.000
2026-10-03 13:19:26.201   Installing the file.
2026-10-03 13:19:26.221   Successfully installed the file.
2026-10-03 13:19:26.221   -- File entry --
2026-10-03 13:19:26.221   Dest filename: C:\Users\runneradmin\AppData\Local\Programs\SHELTER\locales\ur_FEMININE.pak
2026-10-03 13:19:26.221   Time stamp of our file: 2026-10-03 13:17:36.000
2026-10-03 13:19:26.221   Installing the file.
2026-10-03 13:19:26.223   Successfully installed the file.
2026-10-03 13:19:26.223   -- File entry --
2026-10-03 13:19:26.223   Dest filename: C:\Users\runneradmin\AppData\Local\Programs\SHELTER\locales\ur_MASCULINE.pak
2026-10-03 13:19:26.223   Time stamp of our file: 2026-10-03 13:17:36.000
2026-10-03 13:19:26.223   Installing the file.
2026-10-03 13:19:26.225   Successfully installed the file.
2026-10-03 13:19:26.225   -- File entry --
2026-10-03 13:19:26.225   Dest filename: C:\Users\runneradmin\AppData\Local\Programs\SHELTER\locales\ur_NEUTER.pak
2026-10-03 13:19:26.225   Time stamp of our file: 2026-10-03 13:17:36.000
2026-10-03 13:19:26.225   Installing the file.
2026-10-03 13:19:26.225   Successfully installed the file.
2026-10-03 13:19:26.225   -- File entry --
2026-10-03 13:19:26.225   Dest filename: C:\Users\runneradmin\AppData\Local\Programs\SHELTER\locales\vi.pak
2026-10-03 13:19:26.227   Time stamp of our file: 2026-10-03 13:17:36.000
2026-10-03 13:19:26.227   Installing the file.
2026-10-03 13:19:26.244   Successfully installed the file.
2026-10-03 13:19:26.244   -- File entry --
2026-10-03 13:19:26.244   Dest filename: C:\Users\runneradmin\AppData\Local\Programs\SHELTER\locales\vi_FEMININE.pak
2026-10-03 13:19:26.244   Time stamp of our file: 2026-10-03 13:17:36.000
2026-10-03 13:19:26.244   Installing the file.
2026-10-03 13:19:26.244   Successfully installed the file.
2026-10-03 13:19:26.244   -- File entry --
2026-10-03 13:19:26.244   Dest filename: C:\Users\runneradmin\AppData\Local\Programs\SHELTER\locales\vi_MASCULINE.pak
2026-10-03 13:19:26.246   Time stamp of our file: 2026-10-03 13:17:36.000
2026-10-03 13:19:26.246   Installing the file.
2026-10-03 13:19:26.248   Successfully installed the file.
2026-10-03 13:19:26.248   -- File entry --
2026-10-03 13:19:26.248   Dest filename: C:\Users\runneradmin\AppData\Local\Programs\SHELTER\locales\vi_NEUTER.pak
2026-10-03 13:19:26.248   Time stamp of our file: 2026-10-03 13:17:36.000
2026-10-03 13:19:26.248   Installing the file.
2026-10-03 13:19:26.250   Successfully installed the file.
2026-10-03 13:19:26.250   -- File entry --
2026-10-03 13:19:26.250   Dest filename: C:\Users\runneradmin\AppData\Local\Programs\SHELTER\locales\zh-CN.pak
2026-10-03 13:19:26.250   Time stamp of our file: 2026-10-03 13:17:36.000
2026-10-03 13:19:26.250   Installing the file.
2026-10-03 13:19:26.264   Successfully installed the file.
2026-10-03 13:19:26.264   -- File entry --
2026-10-03 13:19:26.266   Dest filename: C:\Users\runneradmin\AppData\Local\Programs\SHELTER\locales\zh-CN_FEMININE.pak
2026-10-03 13:19:26.266   Time stamp of our file: 2026-10-03 13:17:36.000
2026-10-03 13:19:26.266   Installing the file.
2026-10-03 13:19:26.266   Successfully installed the file.
2026-10-03 13:19:26.266   -- File entry --
2026-10-03 13:19:26.266   Dest filename: C:\Users\runneradmin\AppData\Local\Programs\SHELTER\locales\zh-CN_MASCULINE.pak
2026-10-03 13:19:26.266   Time stamp of our file: 2026-10-03 13:17:36.000
2026-10-03 13:19:26.266   Installing the file.
2026-10-03 13:19:26.268   Successfully installed the file.
2026-10-03 13:19:26.268   -- File entry --
2026-10-03 13:19:26.268   Dest filename: C:\Users\runneradmin\AppData\Local\Programs\SHELTER\locales\zh-CN_NEUTER.pak
2026-10-03 13:19:26.268   Time stamp of our file: 2026-10-03 13:17:36.000
2026-10-03 13:19:26.268   Installing the file.
2026-10-03 13:19:26.270   Successfully installed the file.
2026-10-03 13:19:26.270   -- File entry --
2026-10-03 13:19:26.270   Dest filename: C:\Users\runneradmin\AppData\Local\Programs\SHELTER\locales\zh-TW.pak
2026-10-03 13:19:26.270   Time stamp of our file: 2026-10-03 13:17:36.000
2026-10-03 13:19:26.270   Installing the file.
2026-10-03 13:19:26.284   Successfully installed the file.
2026-10-03 13:19:26.284   -- File entry --
2026-10-03 13:19:26.284   Dest filename: C:\Users\runneradmin\AppData\Local\Programs\SHELTER\locales\zh-TW_FEMININE.pak
2026-10-03 13:19:26.284   Time stamp of our file: 2026-10-03 13:17:36.000
2026-10-03 13:19:26.284   Installing the file.
2026-10-03 13:19:26.286   Successfully installed the file.
2026-10-03 13:19:26.286   -- File entry --
2026-10-03 13:19:26.286   Dest filename: C:\Users\runneradmin\AppData\Local\Programs\SHELTER\locales\zh-TW_MASCULINE.pak
2026-10-03 13:19:26.286   Time stamp of our file: 2026-10-03 13:17:36.000
2026-10-03 13:19:26.286   Installing the file.
2026-10-03 13:19:26.290   Successfully installed the file.
2026-10-03 13:19:26.290   -- File entry --
2026-10-03 13:19:26.290   Dest filename: C:\Users\runneradmin\AppData\Local\Programs\SHELTER\locales\zh-TW_NEUTER.pak
2026-10-03 13:19:26.290   Time stamp of our file: 2026-10-03 13:17:36.000
2026-10-03 13:19:26.290   Installing the file.
2026-10-03 13:19:26.292   Successfully installed the file.
2026-10-03 13:19:26.292   -- File entry --
2026-10-03 13:19:26.292   Dest filename: C:\Users\runneradmin\AppData\Local\Programs\SHELTER\ui\host-bridge.js
2026-10-03 13:19:26.292   Time stamp of our file: 2026-10-03 13:17:36.000
2026-10-03 13:19:26.292   Installing the file.
2026-10-03 13:19:26.292   Creating directory: C:\Users\runneradmin\AppData\Local\Programs\SHELTER\ui
2026-10-03 13:19:26.294   Successfully installed the file.
2026-10-03 13:19:26.294   -- File entry --
2026-10-03 13:19:26.294   Dest filename: C:\Users\runneradmin\AppData\Local\Programs\SHELTER\ui\icon-256.png
2026-10-03 13:19:26.294   Time stamp of our file: 2026-10-03 13:17:36.000
2026-10-03 13:19:26.294   Installing the file.
2026-10-03 13:19:26.296   Successfully installed the file.
2026-10-03 13:19:26.296   -- File entry --
2026-10-03 13:19:26.296   Dest filename: C:\Users\runneradmin\AppData\Local\Programs\SHELTER\ui\index.html
2026-10-03 13:19:26.296   Time stamp of our file: 2026-10-03 13:17:36.000
2026-10-03 13:19:26.296   Installing the file.
2026-10-03 13:19:26.314   Successfully installed the file.
2026-10-03 13:19:26.314   -- Icon entry --
2026-10-03 13:19:26.314   Dest filename: C:\Users\runneradmin\AppData\Roaming\Microsoft\Windows\Start Menu\Programs\SHELTER.lnk
2026-10-03 13:19:26.314   Creating the icon.
2026-10-03 13:19:26.861   Successfully created the icon.
2026-10-03 13:19:26.866   Saving uninstall information.
2026-10-03 13:19:26.866   Creating new uninstall key: HKEY_CURRENT_USER\Software\Microsoft\Windows\CurrentVersion\Uninstall\{7C1E4B3A-5D0F-4C0B-9A57-3E2B8F1D6A90}_is1
2026-10-03 13:19:26.866   Writing uninstall key values.
2026-10-03 13:19:26.866   Detected previous administrative 64-bit install? No
2026-10-03 13:19:26.866   Detected previous administrative 32-bit install? No
2026-10-03 13:19:26.882   Installation process succeeded.
2026-10-03 13:19:26.884   Need to restart Windows? No
2026-10-03 13:19:26.886   Deinitializing Setup.
2026-10-03 13:19:26.892   Log closed.
